  bank-system-using-oop.cpp
C:\Users\LENOVO\source\repos\bank-system-using-oop\bank-system-using-oop\clsString.h(39,25): warning C4267: 'return': conversion from 'size_t' to 'short', possible loss of data
  (compiling source file 'bank-system-using-oop.cpp')
  
C:\Users\LENOVO\source\repos\bank-system-using-oop\bank-system-using-oop\clsString.h(44,29): warning C4267: 'return': conversion from 'size_t' to 'short', possible loss of data
  (compiling source file 'bank-system-using-oop.cpp')
  
C:\Users\LENOVO\source\repos\bank-system-using-oop\bank-system-using-oop\clsString.h(56,30): warning C4267: '=': conversion from 'size_t' to 'short', possible loss of data
  (compiling source file 'bank-system-using-oop.cpp')
  
C:\Users\LENOVO\source\repos\bank-system-using-oop\bank-system-using-oop\clsString.h(193,29): warning C4267: 'return': conversion from 'size_t' to 'short', possible loss of data
  (compiling source file 'bank-system-using-oop.cpp')
  
C:\Users\LENOVO\source\repos\bank-system-using-oop\bank-system-using-oop\clsString.h(359,22): warning C4267: 'initializing': conversion from 'size_t' to 'short', possible loss of data
  (compiling source file 'bank-system-using-oop.cpp')
  
C:\Users\LENOVO\source\repos\bank-system-using-oop\bank-system-using-oop\clsInputValidate.h(115,16): warning C4244: 'initializing': conversion from 'double' to 'float', possible loss of data
  (compiling source file 'bank-system-using-oop.cpp')
  
C:\Users\LENOVO\source\repos\bank-system-using-oop\bank-system-using-oop\clsInputValidate.h(119,26): warning C4244: '=': conversion from 'double' to 'float', possible loss of data
  (compiling source file 'bank-system-using-oop.cpp')
  
C:\Users\LENOVO\source\repos\bank-system-using-oop\bank-system-using-oop\clsBankClient.h(28,65): warning C4244: 'argument': conversion from 'double' to 'float', possible loss of data
  (compiling source file 'bank-system-using-oop.cpp')
  
C:\Users\LENOVO\source\repos\bank-system-using-oop\bank-system-using-oop\clsBankClient.h(352,28): warning C4244: '+=': conversion from 'double' to 'float', possible loss of data
  (compiling source file 'bank-system-using-oop.cpp')
  
C:\Users\LENOVO\source\repos\bank-system-using-oop\bank-system-using-oop\clsBankClient.h(365,32): warning C4244: '-=': conversion from 'double' to 'float', possible loss of data
  (compiling source file 'bank-system-using-oop.cpp')
  
C:\Users\LENOVO\source\repos\bank-system-using-oop\bank-system-using-oop\clsAddNewClientScreen.h(30,66): warning C4244: 'argument': conversion from 'double' to 'float', possible loss of data
  (compiling source file 'bank-system-using-oop.cpp')
  
C:\Users\LENOVO\source\repos\bank-system-using-oop\bank-system-using-oop\clsUpdateClientScreen.h(47,66): warning C4244: 'argument': conversion from 'double' to 'float', possible loss of data
  (compiling source file 'bank-system-using-oop.cpp')
  
C:\Users\LENOVO\source\repos\bank-system-using-oop\bank-system-using-oop\clsUtil.h(64,5): warning C4102: 'defualt': unreferenced label
  (compiling source file 'bank-system-using-oop.cpp')
  
C:\Users\LENOVO\source\repos\bank-system-using-oop\bank-system-using-oop\clsTotalBalancesScreen.h(57,82): warning C4244: 'argument': conversion from 'double' to 'int', possible loss of data
  (compiling source file 'bank-system-using-oop.cpp')
  
C:\Users\LENOVO\source\repos\bank-system-using-oop\bank-system-using-oop\clsBankClient.h(307,1): warning C4715: 'clsBankClient::Save': not all control paths return a value
C:\Users\LENOVO\source\repos\bank-system-using-oop\bank-system-using-oop\clsUser.h(308,1): warning C4715: 'clsUser::Save': not all control paths return a value
  bank-system-using-oop.vcxproj -> C:\Users\LENOVO\source\repos\bank-system-using-oop\x64\Debug\bank-system-using-oop.exe
